(node:34744) [DEP0190] DeprecationWarning: Passing args to a child process with shell option true can lead to security vulnerabilities, as the arguments are not escaped, only concatenated.
(Use `node --trace-deprecation ...` to show where the warning was created)
[db] PGLite bootstrap failed: Error: ENOENT: no such file or directory, open 'C:\Users\Laptop  3\Downloads\uEouS9rGJezLmbkp-grok-workspace\.vercel\output\functions\__server.func\_libs\pglite.data'
    at async open (node:internal/fs/promises:637:25)
    at async Module.readFile (node:internal/fs/promises:1269:14)
    at async Object.w$2 (file:///C:/Users/Laptop%20%203/Downloads/uEouS9rGJezLmbkp-grok-workspace/.vercel/output/functions/__server.func/_libs/electric-sql__pglite.mjs:114:16) {
  errno: -4058,
  code: 'ENOENT',
  syscall: 'open',
  path: 'C:\\Users\\Laptop  3\\Downloads\\uEouS9rGJezLmbkp-grok-workspace\\.vercel\\output\\functions\\__server.func\\_libs\\pglite.data'
}
node:internal/process/promises:394
    triggerUncaughtException(err, true /* fromPromise */);
    ^

Error: ENOENT: no such file or directory, open 'C:\Users\Laptop  3\Downloads\uEouS9rGJezLmbkp-grok-workspace\.vercel\output\functions\__server.func\_libs\pglite.data'
    at async open (node:internal/fs/promises:637:25)
    at async Module.readFile (node:internal/fs/promises:1269:14)
    at async Object.w$2 (file:///C:/Users/Laptop%20%203/Downloads/uEouS9rGJezLmbkp-grok-workspace/.vercel/output/functions/__server.func/_libs/electric-sql__pglite.mjs:114:16) {
  errno: -4058,
  code: 'ENOENT',
  syscall: 'open',
  path: 'C:\\Users\\Laptop  3\\Downloads\\uEouS9rGJezLmbkp-grok-workspace\\.vercel\\output\\functions\\__server.func\\_libs\\pglite.data'
}

Node.js v24.14.0
